###############################################################################
#
# IAR ELF Linker V9.30.1.335/W64 for ARM                  02/Sep/2025  04:28:00
# Copyright 2007-2022 IAR Systems AB.
#
#    Output file  =
#        D:\Coff3e\Work\mini_rpc\mini_rpc_EWARM\mini_rpc\EWARM\mini_rpc\Exe\mini_rpc.out
#    Map file     =
#        D:\Coff3e\Work\mini_rpc\mini_rpc_EWARM\mini_rpc\EWARM\mini_rpc\List\mini_rpc.map
#    Command line =
#        -f
#        D:\Coff3e\Work\mini_rpc\mini_rpc_EWARM\mini_rpc\EWARM\mini_rpc\Exe\mini_rpc.out.rsp
#        (D:\Coff3e\Work\mini_rpc\mini_rpc_EWARM\mini_rpc\EWARM\mini_rpc\Obj\Application\User\logic\Src\channel.o
#        D:\Coff3e\Work\mini_rpc\mini_rpc_EWARM\mini_rpc\EWARM\mini_rpc\Obj\Application\User\logic\Src\client_rpc.o
#        D:\Coff3e\Work\mini_rpc\mini_rpc_EWARM\mini_rpc\EWARM\mini_rpc\Obj\Middlewares\FreeRTOS\cmsis_os2.o
#        D:\Coff3e\Work\mini_rpc\mini_rpc_EWARM\mini_rpc\EWARM\mini_rpc\Obj\Application\User\logic\Src\crc8.o
#        D:\Coff3e\Work\mini_rpc\mini_rpc_EWARM\mini_rpc\EWARM\mini_rpc\Obj\Middlewares\FreeRTOS\croutine.o
#        D:\Coff3e\Work\mini_rpc\mini_rpc_EWARM\mini_rpc\EWARM\mini_rpc\Obj\Middlewares\FreeRTOS\event_groups.o
#        D:\Coff3e\Work\mini_rpc\mini_rpc_EWARM\mini_rpc\EWARM\mini_rpc\Obj\Application\User\Core\hardware\Src\freertos.o
#        D:\Coff3e\Work\mini_rpc\mini_rpc_EWARM\mini_rpc\EWARM\mini_rpc\Obj\Middlewares\FreeRTOS\heap_4.o
#        D:\Coff3e\Work\mini_rpc\mini_rpc_EWARM\mini_rpc\EWARM\mini_rpc\Obj\Middlewares\FreeRTOS\list.o
#        D:\Coff3e\Work\mini_rpc\mini_rpc_EWARM\mini_rpc\EWARM\mini_rpc\Obj\Application\User\Core\main.o
#        D:\Coff3e\Work\mini_rpc\mini_rpc_EWARM\mini_rpc\EWARM\mini_rpc\Obj\Middlewares\FreeRTOS\port.o
#        D:\Coff3e\Work\mini_rpc\mini_rpc_EWARM\mini_rpc\EWARM\mini_rpc\Obj\Middlewares\FreeRTOS\portasm.o
#        D:\Coff3e\Work\mini_rpc\mini_rpc_EWARM\mini_rpc\EWARM\mini_rpc\Obj\Middlewares\FreeRTOS\queue.o
#        D:\Coff3e\Work\mini_rpc\mini_rpc_EWARM\mini_rpc\EWARM\mini_rpc\Obj\Application\User\logic\Src\registry.o
#        D:\Coff3e\Work\mini_rpc\mini_rpc_EWARM\mini_rpc\EWARM\mini_rpc\Obj\Application\User\logic\Src\server_rpc.o
#        D:\Coff3e\Work\mini_rpc\mini_rpc_EWARM\mini_rpc\EWARM\mini_rpc\Obj\Application\EWARM\startup_stm32f051x8.o
#        D:\Coff3e\Work\mini_rpc\mini_rpc_EWARM\mini_rpc\EWARM\mini_rpc\Obj\Drivers\STM32F0xx_HAL_Driver\stm32f0xx_hal.o
#        D:\Coff3e\Work\mini_rpc\mini_rpc_EWARM\mini_rpc\EWARM\mini_rpc\Obj\Drivers\STM32F0xx_HAL_Driver\stm32f0xx_hal_cortex.o
#        D:\Coff3e\Work\mini_rpc\mini_rpc_EWARM\mini_rpc\EWARM\mini_rpc\Obj\Drivers\STM32F0xx_HAL_Driver\stm32f0xx_hal_dma.o
#        D:\Coff3e\Work\mini_rpc\mini_rpc_EWARM\mini_rpc\EWARM\mini_rpc\Obj\Drivers\STM32F0xx_HAL_Driver\stm32f0xx_hal_exti.o
#        D:\Coff3e\Work\mini_rpc\mini_rpc_EWARM\mini_rpc\EWARM\mini_rpc\Obj\Drivers\STM32F0xx_HAL_Driver\stm32f0xx_hal_flash.o
#        D:\Coff3e\Work\mini_rpc\mini_rpc_EWARM\mini_rpc\EWARM\mini_rpc\Obj\Drivers\STM32F0xx_HAL_Driver\stm32f0xx_hal_flash_ex.o
#        D:\Coff3e\Work\mini_rpc\mini_rpc_EWARM\mini_rpc\EWARM\mini_rpc\Obj\Drivers\STM32F0xx_HAL_Driver\stm32f0xx_hal_gpio.o
#        D:\Coff3e\Work\mini_rpc\mini_rpc_EWARM\mini_rpc\EWARM\mini_rpc\Obj\Drivers\STM32F0xx_HAL_Driver\stm32f0xx_hal_i2c.o
#        D:\Coff3e\Work\mini_rpc\mini_rpc_EWARM\mini_rpc\EWARM\mini_rpc\Obj\Drivers\STM32F0xx_HAL_Driver\stm32f0xx_hal_i2c_ex.o
#        D:\Coff3e\Work\mini_rpc\mini_rpc_EWARM\mini_rpc\EWARM\mini_rpc\Obj\Application\User\Core\hardware\Src\stm32f0xx_hal_msp.o
#        D:\Coff3e\Work\mini_rpc\mini_rpc_EWARM\mini_rpc\EWARM\mini_rpc\Obj\Drivers\STM32F0xx_HAL_Driver\stm32f0xx_hal_pwr.o
#        D:\Coff3e\Work\mini_rpc\mini_rpc_EWARM\mini_rpc\EWARM\mini_rpc\Obj\Drivers\STM32F0xx_HAL_Driver\stm32f0xx_hal_pwr_ex.o
#        D:\Coff3e\Work\mini_rpc\mini_rpc_EWARM\mini_rpc\EWARM\mini_rpc\Obj\Drivers\STM32F0xx_HAL_Driver\stm32f0xx_hal_rcc.o
#        D:\Coff3e\Work\mini_rpc\mini_rpc_EWARM\mini_rpc\EWARM\mini_rpc\Obj\Drivers\STM32F0xx_HAL_Driver\stm32f0xx_hal_rcc_ex.o
#        D:\Coff3e\Work\mini_rpc\mini_rpc_EWARM\mini_rpc\EWARM\mini_rpc\Obj\Drivers\STM32F0xx_HAL_Driver\stm32f0xx_hal_tim.o
#        D:\Coff3e\Work\mini_rpc\mini_rpc_EWARM\mini_rpc\EWARM\mini_rpc\Obj\Drivers\STM32F0xx_HAL_Driver\stm32f0xx_hal_tim_ex.o
#        D:\Coff3e\Work\mini_rpc\mini_rpc_EWARM\mini_rpc\EWARM\mini_rpc\Obj\Application\User\Core\hardware\Src\stm32f0xx_hal_timebase_tim.o
#        D:\Coff3e\Work\mini_rpc\mini_rpc_EWARM\mini_rpc\EWARM\mini_rpc\Obj\Drivers\STM32F0xx_HAL_Driver\stm32f0xx_hal_uart.o
#        D:\Coff3e\Work\mini_rpc\mini_rpc_EWARM\mini_rpc\EWARM\mini_rpc\Obj\Drivers\STM32F0xx_HAL_Driver\stm32f0xx_hal_uart_ex.o
#        D:\Coff3e\Work\mini_rpc\mini_rpc_EWARM\mini_rpc\EWARM\mini_rpc\Obj\Application\User\Core\hardware\Src\stm32f0xx_it.o
#        D:\Coff3e\Work\mini_rpc\mini_rpc_EWARM\mini_rpc\EWARM\mini_rpc\Obj\Middlewares\FreeRTOS\stream_buffer.o
#        D:\Coff3e\Work\mini_rpc\mini_rpc_EWARM\mini_rpc\EWARM\mini_rpc\Obj\Drivers\CMSIS\system_stm32f0xx.o
#        D:\Coff3e\Work\mini_rpc\mini_rpc_EWARM\mini_rpc\EWARM\mini_rpc\Obj\Middlewares\FreeRTOS\tasks.o
#        D:\Coff3e\Work\mini_rpc\mini_rpc_EWARM\mini_rpc\EWARM\mini_rpc\Obj\Middlewares\FreeRTOS\timers.o
#        D:\Coff3e\Work\mini_rpc\mini_rpc_EWARM\mini_rpc\EWARM\mini_rpc\Obj\Application\User\logic\Src\transport.o
#        D:\Coff3e\Work\mini_rpc\mini_rpc_EWARM\mini_rpc\EWARM\mini_rpc\Obj\Application\User\logic\Src\uart_rx.o
#        D:\Coff3e\Work\mini_rpc\mini_rpc_EWARM\mini_rpc\EWARM\mini_rpc\Obj\Application\User\logic\Src\UART_TX.o
#        D:\Coff3e\Work\mini_rpc\mini_rpc_EWARM\mini_rpc\EWARM\mini_rpc\Obj\Application\User\logic\Src\user_main.o
#        --no_out_extension -o
#        D:\Coff3e\Work\mini_rpc\mini_rpc_EWARM\mini_rpc\EWARM\mini_rpc\Exe\mini_rpc.out
#        --redirect _Printf=_PrintfFullNoMb --redirect _Scanf=_ScanfFullNoMb
#        --map
#        D:\Coff3e\Work\mini_rpc\mini_rpc_EWARM\mini_rpc\EWARM\mini_rpc\List\mini_rpc.map
#        --config
#        D:\Coff3e\Work\mini_rpc\mini_rpc_EWARM\mini_rpc\EWARM/stm32f051x8_flash.icf
#        --semihosting --entry __iar_program_start --vfe --text_out locale
#        --cpu=Cortex-M0 --fpu=None)
#
###############################################################################

*******************************************************************************
*** RUNTIME MODEL ATTRIBUTES
***

CppFlavor                     = *
__CPP_Exceptions              = Disabled
__CPP_Language                = C++14
__CPP_Library                 = DLib
__CPP_Runtime                 = 1
__Heap_Handler                = Basic
__SystemLibrary               = DLib
__dlib_dynamic_initialization = normal
__dlib_version                = 6


*******************************************************************************
*** HEAP SELECTION
***

The basic heap was selected because --advanced_heap
was not specified and the application did not appear to
be primarily optimized for speed.


*******************************************************************************
*** PLACEMENT SUMMARY
***

"A0":  place at address 0x800'0000 { ro section .intvec };
"P1":  place in [from 0x800'0000 to 0x800'ffff] { ro };
define block CSTACK with size = 1K, alignment = 8 { };
define block HEAP with size = 512, alignment = 8 { };
"P2":  place in [from 0x2000'0000 to 0x2000'1fff] {
          rw, block CSTACK, block HEAP };
initialize by copy { rw };

  Section                Kind         Address    Size  Object
  -------                ----         -------    ----  ------
"A0":                                            0xbc
  .intvec                ro code   0x800'0000    0xbc  startup_stm32f051x8.o [1]
                                 - 0x800'00bc    0xbc

"P1":                                          0x4ae8
  .text                  ro code   0x800'00bc   0x9b0  stm32f0xx_hal_uart.o [6]
  .text                  ro code   0x800'0a6c    0xb4  stm32f0xx_hal_msp.o [3]
  .text                  ro code   0x800'0b20    0x8a  stm32f0xx_hal_dma.o [6]
  .text                  ro code   0x800'0baa     0x2  stm32f0xx_hal_uart.o [6]
  .text                  ro code   0x800'0bac     0x2  stm32f0xx_hal_uart.o [6]
  .text                  ro code   0x800'0bae     0x2  stm32f0xx_hal_uart_ex.o [6]
  .text                  ro code   0x800'0bb0    0x94  UART_TX.o [4]
  .text                  ro code   0x800'0c44   0x55c  stm32f0xx_hal_rcc.o [6]
  .text                  ro code   0x800'11a0    0x5e  I32DivMod.o [10]
  .text                  ro code   0x800'11fe     0x6  user_main.o [4]
  .text                  ro code   0x800'1204     0xc  stm32f0xx_hal.o [6]
  .text                  ro code   0x800'1210   0x198  uart_rx.o [4]
  .text                  ro code   0x800'13a8    0x60  stm32f0xx_hal_cortex.o [6]
  .text                  ro code   0x800'1408    0x14  memset.o [10]
  .text                  ro code   0x800'141c   0x1ac  stm32f0xx_hal_gpio.o [6]
  .text                  ro code   0x800'15c8   0x744  tasks.o [7]
  .text                  ro code   0x800'1d0c    0x20  newop2_0.o [9]
  .text                  ro code   0x800'1d2c    0x34  client_rpc.o [4]
  .text                  ro code   0x800'1d60   0x558  queue.o [7]
  .text                  ro code   0x800'22b8     0xc  channel.o [4]
  .text                  ro code   0x800'22c4     0x8  delop4_0.o [9]
  .text                  ro code   0x800'22cc    0x9c  stm32f0xx_hal_timebase_tim.o [3]
  .text                  ro code   0x800'2368     0x2  IntDivZer.o [10]
  .text                  ro code   0x800'236a     0x2  startup_stm32f051x8.o [1]
  .text                  ro code   0x800'236c   0x1e5  channel.o [4]
  .rodata                zero      0x800'2551     0x1  client_rpc.o [4]
  .text                  ro code   0x800'2552    0x82  cxxabi.o [9]
  .text                  ro code   0x800'25d4     0xc  channel.o [4]
  .text                  ro code   0x800'25e0    0x22  server_rpc.o [4]
  .text                  ro code   0x800'2602     0x2  startup_stm32f051x8.o [1]
  .text                  ro code   0x800'2604   0x1d8  transport.o [4]
  .text                  ro code   0x800'27dc    0x14  client_rpc.o [4]
  .text                  ro code   0x800'27f0   0x110  client_rpc.o [4]
  .text                  ro code   0x800'2900     0xc  ABImemset_small.o [10]
  .text                  ro code   0x800'290c   0x180  heap_4.o [7]
  .text                  ro code   0x800'2a8c    0x96  list.o [7]
  .text                  ro code   0x800'2b22     0x2  startup_stm32f051x8.o [1]
  .text                  ro code   0x800'2b24    0xe4  port.o [7]
  .text                  ro code   0x800'2c08   0x184  cmsis_os2.o [7]
  .text                  ro code   0x800'2d8c   0x330  timers.o [7]
  CODE                   ro code   0x800'30bc    0x7c  portasm.o [7]
  .text                  ro code   0x800'3138   0x140  heap0.o [8]
  .text                  ro code   0x800'3278    0x18  client_rpc.o [4]
  .text                  ro code   0x800'3290    0x24  client_rpc.o [4]
  .text                  ro code   0x800'32b4    0x20  ABImemmove.o [10]
  .text                  ro code   0x800'32d4    0x4e  ABImemcpy.o [10]
  .text                  ro code   0x800'3322    0x1e  channel.o [4]
  .text                  ro code   0x800'3340     0xe  delop_0.o [9]
  .text                  ro code   0x800'334e     0x2  startup_stm32f051x8.o [1]
  .text                  ro code   0x800'3350   0x2a4  stm32f0xx_hal_tim.o [6]
  .text                  ro code   0x800'35f4    0x38  channel.o [4]
  .text                  ro code   0x800'362c    0x50  channel.o [4]
  .text                  ro code   0x800'367c    0x50  channel.o [4]
  .text                  ro code   0x800'36cc    0x32  crc8.o [4]
  .text                  ro code   0x800'36fe     0x4  channel.o [4]
  .text                  ro code   0x800'3702    0xa4  channel.o [4]
  .text                  ro code   0x800'37a6     0x6  channel.o [4]
  .text                  ro code   0x800'37ac    0xa4  channel.o [4]
  .text                  ro code   0x800'3850    0x1c  channel.o [4]
  .text                  ro code   0x800'386c    0xa8  cppinit.o [8]
  .text                  ro code   0x800'3914     0xa  channel.o [4]
  .text                  ro code   0x800'391e     0x2  startup_stm32f051x8.o [1]
  .text                  ro code   0x800'3920    0x28  server_rpc.o [4]
  .text                  ro code   0x800'3948   0x1e8  registry.o [4]
  .text                  ro code   0x800'3b30     0xa  transport.o [4]
  .text                  ro code   0x800'3b3a    0xa4  transport.o [4]
  .text                  ro code   0x800'3bde     0x4  transport.o [4]
  .text                  ro code   0x800'3be2    0x28  transport.o [4]
  .text                  ro code   0x800'3c0a    0x1c  client_rpc.o [4]
  .text                  ro code   0x800'3c26     0x8  registry.o [4]
  .text                  ro code   0x800'3c2e    0x50  client_rpc.o [4]
  .text                  ro code   0x800'3c7e     0xa  client_rpc.o [4]
  .text                  ro code   0x800'3c88    0x12  client_rpc.o [4]
  .text                  ro code   0x800'3c9a     0x8  transport.o [4]
  .text                  ro code   0x800'3ca2     0xa  transport.o [4]
  .text                  ro code   0x800'3cac     0xa  abort.o [8]
  .text                  ro code   0x800'3cb6    0x1a  registry.o [4]
  .text                  ro code   0x800'3cd0    0x10  client_rpc.o [4]
  .text                  ro code   0x800'3ce0    0x28  client_rpc.o [4]
  .text                  ro code   0x800'3d08    0x82  client_rpc.o [4]
  .text                  ro code   0x800'3d8a    0x5c  client_rpc.o [4]
  .text                  ro code   0x800'3de6    0x16  client_rpc.o [4]
  .text                  ro code   0x800'3dfc    0x2c  xgetmemchunk.o [8]
  .text                  ro code   0x800'3e28     0xc  client_rpc.o [4]
  .text                  ro code   0x800'3e34    0x12  channel.o [4]
  .text                  ro code   0x800'3e46     0xa  channel.o [4]
  .text                  ro code   0x800'3e50     0x8  heaptramp0.o [8]
  .text                  ro code   0x800'3e58     0x2  stm32f0xx_hal_tim.o [6]
  .text                  ro code   0x800'3e5a     0x2  stm32f0xx_hal_tim.o [6]
  .text                  ro code   0x800'3e5c     0x2  stm32f0xx_hal_tim.o [6]
  .text                  ro code   0x800'3e5e     0x2  stm32f0xx_hal_tim.o [6]
  .text                  ro code   0x800'3e60   0x14c  main.o [2]
  .text                  ro code   0x800'3fac     0x2  stm32f0xx_hal_tim_ex.o [6]
  .text                  ro code   0x800'3fae     0x2  stm32f0xx_hal_tim.o [6]
  .text                  ro code   0x800'3fb0     0x2  stm32f0xx_hal_tim_ex.o [6]
  .text                  ro code   0x800'3fb2    0x12  channel.o [4]
  .text                  ro code   0x800'3fc4    0x16  channel.o [4]
  .text                  ro code   0x800'3fda    0x36  channel.o [4]
  .text                  ro code   0x800'4010     0x8  channel.o [4]
  .text                  ro code   0x800'4018    0x22  channel.o [4]
  .text                  ro code   0x800'403a    0x12  channel.o [4]
  .text                  ro code   0x800'404c    0x2e  channel.o [4]
  .text                  ro code   0x800'407a    0x12  channel.o [4]
  .text                  ro code   0x800'408c    0x16  channel.o [4]
  .text                  ro code   0x800'40a2    0x36  registry.o [4]
  .text                  ro code   0x800'40d8    0x34  registry.o [4]
  .text                  ro code   0x800'410c     0xa  registry.o [4]
  .text                  ro code   0x800'4116    0x16  transport.o [4]
  .text                  ro code   0x800'412c    0x18  client_rpc.o [4]
  .text                  ro code   0x800'4144    0x78  client_rpc.o [4]
  .text                  ro code   0x800'41bc    0x32  client_rpc.o [4]
  .text                  ro code   0x800'41ee     0x2  startup_stm32f051x8.o [1]
  .text                  ro code   0x800'41f0    0x14  exit.o [11]
  .text                  ro code   0x800'4204    0x4c  registry.o [4]
  .text                  ro code   0x800'4250     0xc  client_rpc.o [4]
  .text                  ro code   0x800'425c     0xc  client_rpc.o [4]
  .text                  ro code   0x800'4268    0x60  client_rpc.o [4]
  .text                  ro code   0x800'42c8    0x28  newop_0.o [9]
  .text                  ro code   0x800'42f0    0x20  stm32f0xx_hal.o [6]
  .text                  ro code   0x800'4310   0x100  user_main.o [4]
  .text                  ro code   0x800'4410   0x10c  stm32f0xx_hal_rcc_ex.o [6]
  .text                  ro code   0x800'451c    0x10  stm32f0xx_hal.o [6]
  .text                  ro code   0x800'452c    0x18  channel.o [4]
  .text                  ro code   0x800'4544     0xe  strlen.o [10]
  .text                  ro code   0x800'4552     0x2  startup_stm32f051x8.o [1]
  .text                  ro code   0x800'4554    0x1e  memcmp.o [10]
  .text                  ro code   0x800'4572    0x20  registry.o [4]
  .text                  ro code   0x800'4592     0x8  client_rpc.o [4]
  .text                  ro code   0x800'459a    0x10  client_rpc.o [4]
  .text                  ro code   0x800'45aa     0x2  startup_stm32f051x8.o [1]
  .text                  ro code   0x800'45ac    0x80  client_rpc.o [4]
  .text                  ro code   0x800'462c     0x8  nomemory.o [9]
  .text                  ro code   0x800'4634    0x28  user_main.o [4]
  .text                  ro code   0x800'465c    0x20  user_main.o [4]
  .text                  ro code   0x800'467c    0x74  user_main.o [4]
  .text                  ro code   0x800'46f0    0x22  user_main.o [4]
  .text                  ro code   0x800'4712    0x22  user_main.o [4]
  .text                  ro code   0x800'4734    0x1c  user_main.o [4]
  .text                  ro code   0x800'4750    0x18  user_main.o [4]
  .text                  ro code   0x800'4768    0x18  client_rpc.o [4]
  .text                  ro code   0x800'4780     0x8  user_main.o [4]
  .text                  ro code   0x800'4788    0x10  user_main.o [4]
  .text                  ro code   0x800'4798    0x24  user_main.o [4]
  .rodata                const     0x800'47bc    0x6c  main.o [2]
  .text                  ro code   0x800'4828    0x3c  zero_init3.o [10]
  .text                  ro code   0x800'4864    0x30  copy_init3.o [10]
  .text                  ro code   0x800'4894    0x2a  user_main.o [4]
  .text                  ro code   0x800'48be     0x2  startup_stm32f051x8.o [1]
  .text                  ro code   0x800'48c0    0x28  data_init.o [10]
  .rodata                const     0x800'48e8    0x24  user_main.o [4]
  .text                  ro code   0x800'490c    0x24  server_rpc.o [4]
  .text                  ro code   0x800'4930    0x22  user_main.o [4]
  .text                  ro code   0x800'4952     0x2  startup_stm32f051x8.o [1]
  .text                  ro code   0x800'4954    0x10  user_main.o [4]
  .iar.init_table        const     0x800'4964    0x28  - Linker created -
  .text                  ro code   0x800'498c    0x20  stm32f0xx_it.o [3]
  .text                  ro code   0x800'49ac    0x20  cmain_call_ctors.o [10]
  .text                  ro code   0x800'49cc    0x1e  cmain.o [10]
  .text                  ro code   0x800'49ea     0x4  low_level_init.o [8]
  .text                  ro code   0x800'49ee     0x8  exit.o [8]
  .text                  ro code   0x800'49f6     0x2  startup_stm32f051x8.o [1]
  .text                  ro code   0x800'49f8     0xe  cexit.o [10]
  .text                  ro code   0x800'4a06     0x2  startup_stm32f051x8.o [1]
  .text                  ro code   0x800'4a08    0x1c  cstartup_M.o [10]
  .text                  ro code   0x800'4a24    0x18  user_main.o [4]
  .text                  ro code   0x800'4a3c    0x18  user_main.o [4]
  .text                  ro code   0x800'4a54     0xc  user_main.o [4]
  .text                  ro code   0x800'4a60     0xa  user_main.o [4]
  .text                  ro code   0x800'4a6a     0x2  startup_stm32f051x8.o [1]
  .text                  ro code   0x800'4a6c    0x18  user_main.o [4]
  .text                  ro code   0x800'4a84    0x16  server_rpc.o [4]
  .text                  ro code   0x800'4a9a     0x2  startup_stm32f051x8.o [1]
  .text                  ro code   0x800'4a9c    0x14  system_stm32f0xx.o [5]
  .text                  ro code   0x800'4ab0    0x14  user_main.o [4]
  .text                  ro code   0x800'4ac4    0x10  user_main.o [4]
  Initializer bytes      const     0x800'4ad4    0x14  <for P2-1>
  .text                  ro code   0x800'4ae8    0x10  startup_stm32f051x8.o [1]
  .text                  ro code   0x800'4af8     0xe  user_main.o [4]
  .text                  ro code   0x800'4b06     0xe  user_main.o [4]
  .text                  ro code   0x800'4b14     0xe  user_main.o [4]
  .text                  ro code   0x800'4b22     0xc  user_main.o [4]
  .text                  ro code   0x800'4b2e     0x2  startup_stm32f051x8.o [1]
  .rodata                const     0x800'4b30     0xc  main.o [2]
  .rodata                const     0x800'4b3c     0xc  main.o [2]
  .rodata                const     0x800'4b48     0xc  main.o [2]
  .text                  ro code   0x800'4b54     0xc  uart_rx.o [4]
  .text                  ro code   0x800'4b60     0xc  user_main.o [4]
  .text                  ro code   0x800'4b6c     0xc  user_main.o [4]
  .rodata                const     0x800'4b78     0x8  system_stm32f0xx.o [5]
  SHT$$PREINIT_ARRAY               0x800'4b80     0x0  <Block>
  SHT$$INIT_ARRAY                  0x800'4b80     0x4  <Block>
    .init_array          const     0x800'4b80     0x4  uart_rx.o [4]
  __iar_tls$$INIT_ARRAY            0x800'4b84     0x0  <Block>
  .rodata                const     0x800'4b84     0x2  user_main.o [4]
  .text                  ro code   0x800'4b86     0x2  startup_stm32f051x8.o [1]
  .text                  ro code   0x800'4b88     0x2  startup_stm32f051x8.o [1]
  .text                  ro code   0x800'4b8a     0x2  startup_stm32f051x8.o [1]
  .text                  ro code   0x800'4b8c     0x2  startup_stm32f051x8.o [1]
  .text                  ro code   0x800'4b8e     0x2  startup_stm32f051x8.o [1]
  .text                  ro code   0x800'4b90     0x2  startup_stm32f051x8.o [1]
  .text                  ro code   0x800'4b92     0x2  startup_stm32f051x8.o [1]
  .text                  ro code   0x800'4b94     0x2  startup_stm32f051x8.o [1]
  .text                  ro code   0x800'4b96     0x2  startup_stm32f051x8.o [1]
  .text                  ro code   0x800'4b98     0x2  startup_stm32f051x8.o [1]
  .text                  ro code   0x800'4b9a     0x2  startup_stm32f051x8.o [1]
  .text                  ro code   0x800'4b9c     0x2  startup_stm32f051x8.o [1]
  .text                  ro code   0x800'4b9e     0x2  user_main.o [4]
  .rodata                zero      0x800'4ba0     0x1  nothrow.o [9]
  .rodata                const     0x800'4ba1     0x1  unwind_debug.o [11]
  .text                  ro code   0x800'4ba4     0x0  cstart_call_dtors.o [10]
  .rodata                const     0x800'4ba4     0x0  zero_init3.o [10]
  .rodata                const     0x800'4ba4     0x0  copy_init3.o [10]
                                 - 0x800'4ba4  0x4ae8

"P2", part 1 of 3:                               0x14
  P2-1                            0x2000'0000    0x14  <Init block>
    .data                inited   0x2000'0000     0x4  port.o [7]
    .data                inited   0x2000'0004     0xc  stm32f0xx_hal.o [6]
    .data                inited   0x2000'0010     0x4  system_stm32f0xx.o [5]
                                - 0x2000'0014    0x14

"P2", part 2 of 3:                             0x181c
  .bss                   zero     0x2000'0014   0x798  heap_4.o [7]
  .bss                   zero     0x2000'07ac   0x460  tasks.o [7]
  .bss                   zero     0x2000'0c0c   0x45c  cmsis_os2.o [7]
  .bss                   zero     0x2000'1068   0x25c  cmsis_os2.o [7]
  .bss                   zero     0x2000'12c8   0x238  user_main.o [4]
  .bss                   zero     0x2000'1500   0x128  timers.o [7]
  .bss                   zero     0x2000'1628    0x9c  tasks.o [7]
  .bss                   zero     0x2000'16c4    0x94  main.o [2]
  .bss                   zero     0x2000'1758    0x48  stm32f0xx_hal_timebase_tim.o [3]
  .bss                   zero     0x2000'17a0    0x40  queue.o [7]
  .bss                   zero     0x2000'17e0    0x20  uart_rx.o [4]
  .bss                   zero     0x2000'1800     0xc  UART_TX.o [4]
  .bss                   zero     0x2000'180c     0x8  heap0.o [8]
  .bss                   zero     0x2000'1814     0x4  client_rpc.o [4]
  .bss                   zero     0x2000'1818     0x4  cmsis_os2.o [7]
  .bss                   zero     0x2000'181c     0x4  timers.o [7]
  .bss                   zero     0x2000'1820     0x4  cppinit.o [8]
  .bss                   zero     0x2000'1824     0x4  cppinit.o [8]
  .bss                   zero     0x2000'1828     0x4  new.o [9]
  .bss                   zero     0x2000'182c     0x4  xgetmemchunk.o [8]
                                - 0x2000'1830  0x181c

"P2", part 3 of 3:                              0x7a8
  .iar.dynexit                    0x2000'1830   0x1a4  <Block>
    .iar.dynexit         uninit   0x2000'1830     0xc  cppinit.o [8]
    .iar.dynexit         uninit   0x2000'183c   0x198  <Block tail>
  CSTACK                          0x2000'19d8   0x400  <Block>
    CSTACK               uninit   0x2000'19d8   0x400  <Block tail>
  HEAP                            0x2000'1dd8   0x200  <Block>
    HEAP                 uninit   0x2000'1dd8   0x200  <Block tail>
                                - 0x2000'1fd8   0x7a8

Unused ranges:

         From           To    Size
         ----           --    ----
   0x800'4ba4   0x800'ffff  0xb45c
  0x2000'1fd8  0x2000'1fff    0x28


*******************************************************************************
*** INIT TABLE
***

          Address      Size
          -------      ----
Zero (__iar_zero_init3)
    1 destination range, total size 0x181c:
          0x2000'0014  0x181c

Copy (__iar_copy_init3)
    1 source range, total size 0x14:
           0x800'4ad4    0x14
    1 destination range, total size 0x14:
          0x2000'0000    0x14

Extra (__iar_cstart_call_ctors)



*******************************************************************************
*** MODULE SUMMARY
***

    Module                        ro code  ro data  rw data
    ------                        -------  -------  -------
command line/config:
    -------------------------------------------------------
    Total:

D:\Coff3e\Work\mini_rpc\mini_rpc_EWARM\mini_rpc\EWARM\mini_rpc\Obj\Application\EWARM: [1]
    startup_stm32f051x8.o             258
    -------------------------------------------------------
    Total:                            258

D:\Coff3e\Work\mini_rpc\mini_rpc_EWARM\mini_rpc\EWARM\mini_rpc\Obj\Application\User\Core: [2]
    main.o                            332      144      148
    -------------------------------------------------------
    Total:                            332      144      148

D:\Coff3e\Work\mini_rpc\mini_rpc_EWARM\mini_rpc\EWARM\mini_rpc\Obj\Application\User\Core\hardware\Src: [3]
    stm32f0xx_hal_msp.o               180
    stm32f0xx_hal_timebase_tim.o      156                72
    stm32f0xx_it.o                     32
    -------------------------------------------------------
    Total:                            368                72

D:\Coff3e\Work\mini_rpc\mini_rpc_EWARM\mini_rpc\EWARM\mini_rpc\Obj\Application\User\logic\Src: [4]
    UART_TX.o                         148                12
    channel.o                       1'423
    client_rpc.o                    1'342                 5
    crc8.o                             50
    registry.o                        746
    server_rpc.o                      132
    transport.o                       730
    uart_rx.o                         420        4       32
    user_main.o                       932       38      568
    -------------------------------------------------------
    Total:                          5'923       42      617

D:\Coff3e\Work\mini_rpc\mini_rpc_EWARM\mini_rpc\EWARM\mini_rpc\Obj\Drivers\CMSIS: [5]
    system_stm32f0xx.o                 20       12        4
    -------------------------------------------------------
    Total:                             20       12        4

D:\Coff3e\Work\mini_rpc\mini_rpc_EWARM\mini_rpc\EWARM\mini_rpc\Obj\Drivers\STM32F0xx_HAL_Driver: [6]
    stm32f0xx_hal.o                    60       12       12
    stm32f0xx_hal_cortex.o             96
    stm32f0xx_hal_dma.o               138
    stm32f0xx_hal_gpio.o              428
    stm32f0xx_hal_rcc.o             1'372
    stm32f0xx_hal_rcc_ex.o            268
    stm32f0xx_hal_tim.o               686
    stm32f0xx_hal_tim_ex.o              4
    stm32f0xx_hal_uart.o            2'484
    stm32f0xx_hal_uart_ex.o             2
    -------------------------------------------------------
    Total:                          5'538       12       12

D:\Coff3e\Work\mini_rpc\mini_rpc_EWARM\mini_rpc\EWARM\mini_rpc\Obj\Middlewares\FreeRTOS: [7]
    cmsis_os2.o                       388             1'724
    heap_4.o                          384             1'944
    list.o                            150
    port.o                            228        4        4
    portasm.o                         124
    queue.o                         1'368                64
    tasks.o                         1'860             1'276
    timers.o                          816               300
    -------------------------------------------------------
    Total:                          5'318        4    5'312

dl6M_tlf.a: [8]
    abort.o                            10
    cppinit.o                         168                20
    exit.o                              8
    heap0.o                           320                 8
    heaptramp0.o                        8
    low_level_init.o                    4
    xgetmemchunk.o                     44                 4
    -------------------------------------------------------
    Total:                            562                32

dlpprt6M_tl_fc.a: [9]
    cxxabi.o                          130
    delop4_0.o                          8
    delop_0.o                          14
    new.o                                                 4
    newop2_0.o                         32
    newop_0.o                          40
    nomemory.o                          8
    nothrow.o                                             1
    -------------------------------------------------------
    Total:                            232                 5

rt6M_tl.a: [10]
    ABImemcpy.o                        78
    ABImemmove.o                       32
    ABImemset_small.o                  12
    I32DivMod.o                        94
    IntDivZer.o                         2
    cexit.o                            14
    cmain.o                            30
    cmain_call_ctors.o                 32
    copy_init3.o                       48
    cstart_call_dtors.o
    cstartup_M.o                       28
    data_init.o                        40
    memcmp.o                           30
    memset.o                           20
    strlen.o                           14
    zero_init3.o                       60
    -------------------------------------------------------
    Total:                            534

shb_l.a: [11]
    exit.o                             20
    unwind_debug.o                               1
    -------------------------------------------------------
    Total:                             20        1

    Gaps                                2                 4
    Linker created                              40    1'944
-----------------------------------------------------------
    Grand Total:                   19'107      255    8'150


*******************************************************************************
*** ENTRY LIST
***

Entry                       Address   Size  Type      Object
-----                       -------   ----  ----      ------
.iar.dynexit$$Base      0x2000'1830          --   Gb  - Linker created -
.iar.dynexit$$Limit     0x2000'19d4          --   Gb  - Linker created -
.iar.init_table$$Base    0x800'4964          --   Gb  - Linker created -
.iar.init_table$$Limit   0x800'498c          --   Gb  - Linker created -
?main                    0x800'49cd         Code  Gb  cmain.o [10]
ADC1_COMP_IRQHandler     0x800'4a6b         Code  Wk  startup_stm32f051x8.o [1]
AHBPrescTable            0x800'4aa0   0x10  Data  Gb  system_stm32f0xx.o [5]
APBPrescTable            0x800'4b78    0x8  Data  Gb  system_stm32f0xx.o [5]
Aldata                  0x2000'180c    0x8  Data  Lc  heap0.o [8]
CEC_CAN_IRQHandler       0x800'4b9d         Code  Wk  startup_stm32f051x8.o [1]
CSTACK$$Base            0x2000'19d8          --   Gb  - Linker created -
CSTACK$$Limit           0x2000'1dd8          --   Gb  - Linker created -
ChannelDecoder::ChannelDecoder()
                         0x800'236d   0x16  Code  Gb  channel.o [4]
ChannelDecoder::feed(unsigned char, std::vector<unsigned char, std::allocator<unsigned char>> &)
                         0x800'2443  0x104  Code  Gb  channel.o [4]
ChannelDecoder::reset()
                         0x800'2383    0xa  Code  Gb  channel.o [4]
ChannelDecoder::~ChannelDecoder()
                         0x800'4b55    0xc  Code  Wk  uart_rx.o [4]
Client_RPC::Client_RPC()
                         0x800'4735   0x1c  Code  Wk  user_main.o [4]
Client_RPC::make_msg(std::string, unsigned char, unsigned char, unsigned char)
                         0x800'2861   0x3c  Code  Gb  client_rpc.o [4]
Client_RPC::on_response(transport_message const &)
                         0x800'289d   0x58  Code  Gb  client_rpc.o [4]
Client_RPC::register_global(Client_RPC*)
                         0x800'28f5    0x6  Code  Gb  client_rpc.o [4]
Client_RPC::send_msg(std::string, unsigned char, unsigned char, unsigned char)
                         0x800'2805   0x5c  Code  Gb  client_rpc.o [4]
Client_RPC::~Client_RPC()
                         0x800'4a6d   0x18  Code  Wk  user_main.o [4]
Client_Response_Slot::Client_Response_Slot()
                         0x800'4b07    0xe  Code  Wk  user_main.o [4]
Client_Response_Slot::~Client_Response_Slot()
                         0x800'4b15    0xe  Code  Wk  user_main.o [4]
Client_TaskHandle       0x2000'1754    0x4  Data  Gb  main.o [2]
Client_Task_attributes   0x800'4804   0x24  Data  Gb  main.o [2]
DMA1_Channel1_IRQHandler
                         0x800'4953         Code  Wk  startup_stm32f051x8.o [1]
DMA1_Channel2_3_IRQHandler
                         0x800'49f7         Code  Wk  startup_stm32f051x8.o [1]
DMA1_Channel4_5_IRQHandler
                         0x800'4a07         Code  Wk  startup_stm32f051x8.o [1]
DtorRecArray            0x2000'1830    0xc  Data  Lc  cppinit.o [8]
EXTI0_1_IRQHandler       0x800'41ef         Code  Wk  startup_stm32f051x8.o [1]
EXTI2_3_IRQHandler       0x800'4553         Code  Wk  startup_stm32f051x8.o [1]
EXTI4_15_IRQHandler      0x800'45ab         Code  Wk  startup_stm32f051x8.o [1]
Error_Handler            0x800'3fa9    0x4  Code  Gb  main.o [2]
FLASH_IRQHandler         0x800'334f         Code  Wk  startup_stm32f051x8.o [1]
FRAME_DATA               0x800'254c    0x1  Data  Lc  channel.o [4]
FRAME_END                0x800'2550    0x1  Data  Lc  channel.o [4]
FRAME_HDR                0x800'2548    0x1  Data  Lc  channel.o [4]
Function_Registry_Item::Function_Registry_Item()
                         0x800'11ff    0x6  Code  Wk  user_main.o [4]
Function_Registry_Item::Function_Registry_Item(const Function_Registry_Item&)
                         0x800'4a85   0x16  Code  Wk  server_rpc.o [4]
Function_Registry_Item::~Function_Registry_Item()
                         0x800'4af9    0xe  Code  Wk  user_main.o [4]
HAL_DMA_Abort            0x800'0b21   0x42  Code  Gb  stm32f0xx_hal_dma.o [6]
HAL_DMA_Abort_IT         0x800'0b63   0x48  Code  Gb  stm32f0xx_hal_dma.o [6]
HAL_GPIO_Init            0x800'141d  0x194  Code  Gb  stm32f0xx_hal_gpio.o [6]
HAL_GetTick              0x800'1205    0xc  Code  Wk  stm32f0xx_hal.o [6]
HAL_IncTick              0x800'451d   0x10  Code  Wk  stm32f0xx_hal.o [6]
HAL_Init                 0x800'42f1   0x1a  Code  Gb  stm32f0xx_hal.o [6]
HAL_InitTick             0x800'22cd   0x84  Code  Gb  stm32f0xx_hal_timebase_tim.o [3]
HAL_MspInit              0x800'0a6d   0x34  Code  Gb  stm32f0xx_hal_msp.o [3]
HAL_NVIC_EnableIRQ       0x800'13eb   0x12  Code  Gb  stm32f0xx_hal_cortex.o [6]
HAL_NVIC_SetPriority     0x800'13e3    0x8  Code  Gb  stm32f0xx_hal_cortex.o [6]
HAL_RCCEx_PeriphCLKConfig
                         0x800'4411   0xf4  Code  Gb  stm32f0xx_hal_rcc_ex.o [6]
HAL_RCC_ClockConfig      0x800'0fd1   0xfc  Code  Gb  stm32f0xx_hal_rcc.o [6]
HAL_RCC_GetClockConfig   0x800'1129   0x2e  Code  Gb  stm32f0xx_hal_rcc.o [6]
HAL_RCC_GetPCLK1Freq     0x800'110f   0x14  Code  Gb  stm32f0xx_hal_rcc.o [6]
HAL_RCC_GetSysClockFreq
                         0x800'10d5   0x3a  Code  Gb  stm32f0xx_hal_rcc.o [6]
HAL_RCC_GetSysClockFreq::aPLLMULFactorTable
                         0x800'1180   0x10  Data  Lc  stm32f0xx_hal_rcc.o [6]
HAL_RCC_GetSysClockFreq::aPredivFactorTable
                         0x800'1190   0x10  Data  Lc  stm32f0xx_hal_rcc.o [6]
HAL_RCC_OscConfig        0x800'0c45  0x37e  Code  Gb  stm32f0xx_hal_rcc.o [6]
HAL_TIMEx_BreakCallback
                         0x800'3fad    0x2  Code  Wk  stm32f0xx_hal_tim_ex.o [6]
HAL_TIMEx_CommutCallback
                         0x800'3fb1    0x2  Code  Wk  stm32f0xx_hal_tim_ex.o [6]
HAL_TIM_Base_Init        0x800'3351   0x1e  Code  Gb  stm32f0xx_hal_tim.o [6]
HAL_TIM_Base_MspInit     0x800'3e59    0x2  Code  Wk  stm32f0xx_hal_tim.o [6]
HAL_TIM_Base_Start_IT    0x800'336f   0x4e  Code  Gb  stm32f0xx_hal_tim.o [6]
HAL_TIM_IC_CaptureCallback
                         0x800'3e5b    0x2  Code  Wk  stm32f0xx_hal_tim.o [6]
HAL_TIM_IRQHandler       0x800'3405  0x148  Code  Gb  stm32f0xx_hal_tim.o [6]
HAL_TIM_OC_DelayElapsedCallback
                         0x800'3e5d    0x2  Code  Wk  stm32f0xx_hal_tim.o [6]
HAL_TIM_PWM_PulseFinishedCallback
                         0x800'3e5f    0x2  Code  Wk  stm32f0xx_hal_tim.o [6]
HAL_TIM_PeriodElapsedCallback
                         0x800'3f77   0x12  Code  Gb  main.o [2]
HAL_TIM_TriggerCallback
                         0x800'3faf    0x2  Code  Wk  stm32f0xx_hal_tim.o [6]
HAL_UARTEx_RxEventCallback
                         0x800'0bad    0x2  Code  Wk  stm32f0xx_hal_uart.o [6]
HAL_UARTEx_WakeupCallback
                         0x800'0baf    0x2  Code  Wk  stm32f0xx_hal_uart_ex.o [6]
HAL_UART_ErrorCallback   0x800'0bab    0x2  Code  Wk  stm32f0xx_hal_uart.o [6]
HAL_UART_IRQHandler      0x800'0183  0x2ce  Code  Gb  stm32f0xx_hal_uart.o [6]
HAL_UART_Init            0x800'00bd   0x66  Code  Gb  stm32f0xx_hal_uart.o [6]
HAL_UART_MspInit         0x800'0aa1   0x72  Code  Gb  stm32f0xx_hal_msp.o [3]
HAL_UART_Receive_IT      0x800'0129   0x5a  Code  Gb  stm32f0xx_hal_uart.o [6]
HAL_UART_RxCpltCallback
                         0x800'1223   0x3e  Code  Gb  uart_rx.o [4]
HAL_UART_TxCpltCallback
                         0x800'0bb1   0x28  Code  Gb  UART_TX.o [4]
HEAP$$Base              0x2000'1dd8          --   Gb  - Linker created -
HEAP$$Limit             0x2000'1fd8          --   Gb  - Linker created -
HardFault_Handler        0x800'498f    0x2  Code  Gb  stm32f0xx_it.o [3]
I2C1_IRQHandler          0x800'4b93         Code  Wk  startup_stm32f051x8.o [1]
I2C2_IRQHandler          0x800'4b95         Code  Wk  startup_stm32f051x8.o [1]
Idle_Stack              0x2000'10c4  0x200  Data  Lc  cmsis_os2.o [7]
Idle_TCB                0x2000'1068   0x5c  Data  Lc  cmsis_os2.o [7]
KernelState             0x2000'1818    0x4  Data  Lc  cmsis_os2.o [7]
NMI_Handler              0x800'498d    0x2  Code  Gb  stm32f0xx_it.o [3]
PVD_IRQHandler           0x800'2603         Code  Wk  startup_stm32f051x8.o [1]
PendSV_Handler           0x800'30c3         Code  Gb  portasm.o [7]
RCC_CRS_IRQHandler       0x800'391f         Code  Wk  startup_stm32f051x8.o [1]
RTC_IRQHandler           0x800'2b23         Code  Wk  startup_stm32f051x8.o [1]
Region$$Table$$Base      0x800'4964          --   Gb  - Linker created -
Region$$Table$$Limit     0x800'498c          --   Gb  - Linker created -
Reset_Handler            0x800'4ae9         Code  Wk  startup_stm32f051x8.o [1]
SHT$$INIT_ARRAY$$Base    0x800'4b80          --   Gb  - Linker created -
SHT$$INIT_ARRAY$$Limit   0x800'4b84          --   Gb  - Linker created -
SHT$$PREINIT_ARRAY$$Base
                         0x800'4b80          --   Gb  - Linker created -
SHT$$PREINIT_ARRAY$$Limit
                         0x800'4b80          --   Gb  - Linker created -
SPI1_IRQHandler          0x800'4b97         Code  Wk  startup_stm32f051x8.o [1]
SPI2_IRQHandler          0x800'4b99         Code  Wk  startup_stm32f051x8.o [1]
SVC_Handler              0x800'3101         Code  Gb  portasm.o [7]
Server_RPC::Server_RPC(registry_function const &)
                         0x800'25e1   0x14  Code  Gb  server_rpc.o [4]
Server_RPC::process_transport_message(transport_message const &) const
                         0x800'25f5    0xe  Code  Gb  server_rpc.o [4]
Server_RPC::~Server_RPC()
                         0x800'4b6d    0xc  Code  Wk  user_main.o [4]
Server_TaskHandle       0x2000'1750    0x4  Data  Gb  main.o [2]
Server_Task_attributes   0x800'47e0   0x24  Data  Gb  main.o [2]
StartDefaultTask         0x800'3f59    0xa  Code  Gb  main.o [2]
StartTask02              0x800'3f63    0xa  Code  Gb  main.o [2]
StartTask03              0x800'3f6d    0xa  Code  Gb  main.o [2]
SysTick_Handler          0x800'2bd1   0x20  Code  Gb  port.o [7]
SystemClock_Config       0x800'3ee9   0x70  Code  Gb  main.o [2]
SystemCoreClock         0x2000'0010    0x4  Data  Gb  system_stm32f0xx.o [5]
SystemInit               0x800'4a9d    0x2  Code  Gb  system_stm32f0xx.o [5]
TIM14_IRQHandler         0x800'4b8b         Code  Wk  startup_stm32f051x8.o [1]
TIM15_IRQHandler         0x800'4b8d         Code  Wk  startup_stm32f051x8.o [1]
TIM16_IRQHandler         0x800'4b8f         Code  Wk  startup_stm32f051x8.o [1]
TIM17_IRQHandler         0x800'4b91         Code  Wk  startup_stm32f051x8.o [1]
TIM1_BRK_UP_TRG_COM_IRQHandler
                         0x800'4a9b         Code  Wk  startup_stm32f051x8.o [1]
TIM1_CC_IRQHandler       0x800'4b2f         Code  Wk  startup_stm32f051x8.o [1]
TIM2_IRQHandler          0x800'4b87         Code  Wk  startup_stm32f051x8.o [1]
TIM3_IRQHandler          0x800'4b89         Code  Wk  startup_stm32f051x8.o [1]
TIM6_DAC_IRQHandler      0x800'4991    0xa  Code  Gb  stm32f0xx_it.o [3]
TIM_Base_SetConfig       0x800'354d   0x8c  Code  Gb  stm32f0xx_hal_tim.o [6]
TSC_IRQHandler           0x800'48bf         Code  Wk  startup_stm32f051x8.o [1]
Timer_Stack             0x2000'0c68  0x400  Data  Lc  cmsis_os2.o [7]
Timer_TCB               0x2000'0c0c   0x5c  Data  Lc  cmsis_os2.o [7]
UART_AdvFeatureConfig    0x800'0571   0xc8  Code  Gb  stm32f0xx_hal_uart.o [6]
UART_CheckIdleState      0x800'0639   0xae  Code  Gb  stm32f0xx_hal_uart.o [6]
UART_DMAAbortOnError     0x800'08e9   0x14  Code  Lc  stm32f0xx_hal_uart.o [6]
UART_EndRxTransfer       0x800'0879   0x5e  Code  Lc  stm32f0xx_hal_uart.o [6]
UART_RxISR_16BIT         0x800'0999   0x9c  Code  Lc  stm32f0xx_hal_uart.o [6]
UART_RxISR_8BIT          0x800'08fd   0x9c  Code  Lc  stm32f0xx_hal_uart.o [6]
UART_SetConfig           0x800'0469  0x108  Code  Gb  stm32f0xx_hal_uart.o [6]
UART_Start_Receive_IT    0x800'07ab   0x9a  Code  Gb  stm32f0xx_hal_uart.o [6]
UART_WaitOnFlagUntilTimeout
                         0x800'0709   0xa2  Code  Gb  stm32f0xx_hal_uart.o [6]
USART1_IRQHandler        0x800'499b    0xa  Code  Gb  stm32f0xx_it.o [3]
USART2_IRQHandler        0x800'4b9b         Code  Wk  startup_stm32f051x8.o [1]
Virtual function table for std::_Func_impl<std::vector<unsigned char, std::allocator<unsigned char>> (*)(std::vector<unsigned char, std::allocator<unsigned char>> const &), std::allocator<int>, std::vector<unsigned char, std::allocator<unsigned char>>, std::vector<unsigned char, std::allocator<unsigned char>> const &>
                         0x800'48e8   0x24  Data  Wk  user_main.o [4]
WWDG_IRQHandler          0x800'236b         Code  Wk  startup_stm32f051x8.o [1]
[local to uart_rx_cpp]::rpc_link_task(void *)
                         0x800'1261   0xca  Code  Lc  uart_rx.o [4]
[local to user_main_cpp]::rpc_sum(std::vector<unsigned char, std::allocator<unsigned char>> const &)
                         0x800'4311   0x4a  Code  Lc  user_main.o [4]
__ICFEDIT_region_RAM_end__ {Abs}
                        0x2000'1fff         Data  Gb  <internal module>
__ICFEDIT_region_RAM_start__ {Abs}
                        0x2000'0000         Data  Gb  <internal module>
__NVIC_SetPriority       0x800'13a9   0x3a  Code  Lc  stm32f0xx_hal_cortex.o [6]
__aeabi_atexit           0x800'25c7    0xe  Code  Gb  cxxabi.o [9]
__aeabi_idiv0            0x800'2369         Code  Gb  IntDivZer.o [10]
__aeabi_memcpy           0x800'3309         Code  Gb  ABImemcpy.o [10]
__aeabi_memcpy4          0x800'32d5         Code  Gb  ABImemcpy.o [10]
__aeabi_memcpy8          0x800'32d5         Code  Gb  ABImemcpy.o [10]
__aeabi_memmove          0x800'32b5         Code  Gb  ABImemmove.o [10]
__aeabi_memmove4         0x800'32b5         Code  Gb  ABImemmove.o [10]
__aeabi_memmove8         0x800'32b5         Code  Gb  ABImemmove.o [10]
__aeabi_vec_cctor_nocookie_nodtor
                         0x800'2579   0x30  Code  Gb  cxxabi.o [9]
__aeabi_vec_ctor_nocookie_nodtor
                         0x800'2553   0x26  Code  Gb  cxxabi.o [9]
__aeabi_vec_dtor         0x800'25a9   0x1e  Code  Gb  cxxabi.o [9]
__basic_free             0x800'31e9   0x16  Code  Gb  heap0.o [8]
__basic_free_intern      0x800'31ff   0x76  Code  Lc  heap0.o [8]
__basic_malloc           0x800'3139   0x18  Code  Gb  heap0.o [8]
__basic_malloc_intern    0x800'3151   0x98  Code  Lc  heap0.o [8]
__call_ctors             0x800'386d   0x18  Code  Gb  cppinit.o [8]
__call_dtors             0x800'38c1    0xc  Code  Gb  cppinit.o [8]
__call_dtors0            0x800'38cd   0x38  Code  Gb  cppinit.o [8]
__cexit_call_dtors       0x800'49fb         Code  Gb  cexit.o [10]
__cmain                  0x800'49cd         Code  Gb  cmain.o [10]
__cstart_call_dtors      0x800'4ba4         Data  Gb  cstart_call_dtors.o [10]
__cxa_atexit             0x800'3885   0x3c  Code  Gb  cppinit.o [8]
__data_GetMemChunk       0x800'3dfd   0x2c  Code  Gb  xgetmemchunk.o [8]
__data_GetMemChunk::start
                        0x2000'182c    0x4  Data  Lc  xgetmemchunk.o [8]
__dso_handle            0x2000'1824    0x4  Data  Gb  cppinit.o [8]
__exit                   0x800'41f1   0x14  Code  Gb  exit.o [11]
__iar_Memcpy             0x800'3315         Code  Gb  ABImemcpy.o [10]
__iar_copy_init3         0x800'4865   0x30  Code  Gb  copy_init3.o [10]
__iar_cstart_call_ctors
                         0x800'49ad   0x20  Code  Gb  cmain_call_ctors.o [10]
__iar_data_init3         0x800'48c1   0x28  Code  Gb  data_init.o [10]
__iar_debug_exceptions   0x800'4ba1    0x1  Data  Gb  unwind_debug.o [11]
__iar_program_start      0x800'4a09         Code  Gb  cstartup_M.o [10]
__iar_small_Memset4_word
                         0x800'2901         Code  Gb  ABImemset_small.o [10]
__iar_small_Memset_word
                         0x800'2901         Code  Gb  ABImemset_small.o [10]
__iar_small_idiv         0x800'11a1         Code  Gb  I32DivMod.o [10]
__iar_small_idivmod      0x800'11a1         Code  Gb  I32DivMod.o [10]
__iar_small_memset       0x800'2901         Code  Gb  ABImemset_small.o [10]
__iar_small_memset4      0x800'2901         Code  Gb  ABImemset_small.o [10]
__iar_small_memset8      0x800'2901         Code  Gb  ABImemset_small.o [10]
__iar_small_uidiv        0x800'11c9         Code  Gb  I32DivMod.o [10]
__iar_small_uidivmod     0x800'11c9         Code  Gb  I32DivMod.o [10]
__iar_tls$$INIT_ARRAY$$Base
                         0x800'4b84          --   Gb  - Linker created -
__iar_tls$$INIT_ARRAY$$Limit
                         0x800'4b84          --   Gb  - Linker created -
__iar_zero_init3         0x800'4829   0x3c  Code  Gb  zero_init3.o [10]
__low_level_init         0x800'49eb    0x4  Code  Gb  low_level_init.o [8]
__sti__routine           0x800'1211   0x12  Code  Lc  uart_rx.o [4]
__vector_table           0x800'0000         Data  Gb  startup_stm32f051x8.o [1]
_call_main               0x800'49d9         Code  Gb  cmain.o [10]
_exit                    0x800'49f9         Code  Gb  cexit.o [10]
abort                    0x800'3cad    0xa  Code  Gb  abort.o [8]
bool std::operator ==<char, std::char_traits<char>, std::allocator<char>>(const std::string&, char const *)
                         0x800'40a3   0x36  Code  Wk  registry.o [4]
channel_encode(std::vector<unsigned char, std::allocator<unsigned char>> const &)
                         0x800'238d   0xb6  Code  Gb  channel.o [4]
crc8(unsigned char const *, unsigned int)
                         0x800'36cd   0x32  Code  Gb  crc8.o [4]
decoder                 0x2000'17f0   0x10  Data  Lc  uart_rx.o [4]
defaultTaskHandle       0x2000'174c    0x4  Data  Gb  main.o [2]
defaultTask_attributes   0x800'47bc   0x24  Data  Gb  main.o [2]
exit                     0x800'49ef    0x8  Code  Gb  exit.o [8]
free                     0x800'3e51    0x8  Code  Gb  heaptramp0.o [8]
g_client_instance       0x2000'1814    0x4  Data  Lc  client_rpc.o [4]
g_server_ptr            0x2000'17e8    0x4  Data  Lc  uart_rx.o [4]
handle_request(transport_message const &, registry_function const &)
                         0x800'3a55   0xce  Code  Gb  registry.o [4]
htim6                   0x2000'1758   0x48  Data  Gb  stm32f0xx_hal_timebase_tim.o [3]
huart1                  0x2000'16c4   0x88  Data  Gb  main.o [2]
main                     0x800'3e61   0x88  Code  Gb  main.o [2]
memcmp                   0x800'4555         Code  Gb  memcmp.o [10]
memset                   0x800'1409   0x14  Code  Gb  memset.o [10]
next_abi_dtor_rec       0x2000'1820    0x4  Data  Lc  cppinit.o [8]
on_response(transport_message const &)
                         0x800'27f1   0x14  Code  Gb  client_rpc.o [4]
operator delete (void *)
                         0x800'3341    0xe  Code  Gb  delop_0.o [9]
operator delete (void *, unsigned int)
                         0x800'22c5    0x8  Code  Gb  delop4_0.o [9]
operator new (unsigned int)
                         0x800'42c9   0x28  Code  Gb  newop_0.o [9]
operator new (unsigned int, std::nothrow_t const &)
                         0x800'1d0d   0x20  Code  Gb  newop2_0.o [9]
osDelay                  0x800'2d2d   0x2e  Code  Gb  cmsis_os2.o [7]
osKernelInitialize       0x800'2c09   0x30  Code  Gb  cmsis_os2.o [7]
osKernelStart            0x800'2c39   0x36  Code  Gb  cmsis_os2.o [7]
osThreadNew              0x800'2c75   0xb2  Code  Gb  cmsis_os2.o [7]
prvAddCurrentTaskToDelayedList
                         0x800'1caf   0x54  Code  Lc  tasks.o [7]
prvAddNewTaskToReadyList
                         0x800'1703   0xae  Code  Lc  tasks.o [7]
prvCheckForValidListAndQueue
                         0x800'305d   0x50  Code  Lc  timers.o [7]
prvCheckForValidListAndQueue{1}{2}{3}{4}::ucStaticTimerQueueStorage
                        0x2000'1588   0xa0  Data  Lc  timers.o [7]
prvCheckForValidListAndQueue{1}{2}{3}{4}::xStaticTimerQueue
                        0x2000'1538   0x50  Data  Lc  timers.o [7]
prvCopyDataFromQueue     0x800'21ad   0x26  Code  Lc  queue.o [7]
prvCopyDataToQueue       0x800'213d   0x70  Code  Lc  queue.o [7]
prvDeleteTCB             0x800'1b71   0x26  Code  Lc  tasks.o [7]
prvIdleTask              0x800'1b2d   0x3e  Code  Lc  tasks.o [7]
prvInitialiseNewQueue    0x800'1e5d   0x22  Code  Lc  queue.o [7]
prvInitialiseNewTask     0x800'1675   0x8e  Code  Lc  tasks.o [7]
prvInsertBlockIntoFreeList
                         0x800'2a41   0x46  Code  Lc  heap_4.o [7]
prvInsertTimerInActiveList
                         0x800'2f09   0x34  Code  Lc  timers.o [7]
prvIsQueueEmpty          0x800'223d   0x12  Code  Lc  queue.o [7]
prvProcessExpiredTimer   0x800'2e2d   0x4c  Code  Lc  timers.o [7]
prvProcessReceivedCommands
                         0x800'2f45   0xbc  Code  Lc  timers.o [7]
prvResetNextTaskUnblockTime
                         0x800'1b97   0x1c  Code  Lc  tasks.o [7]
prvSampleTimeNow         0x800'2ee5   0x24  Code  Lc  timers.o [7]
prvSampleTimeNow::xLastTime
                        0x2000'181c    0x4  Data  Lc  timers.o [7]
prvSwitchTimerLists      0x800'3001   0x5a  Code  Lc  timers.o [7]
prvTaskExitError         0x800'2b41   0x14  Code  Lc  port.o [7]
prvTimerTask             0x800'2e79   0x6c  Code  Lc  timers.o [7]
prvUnlockQueue           0x800'21d3   0x6a  Code  Lc  queue.o [7]
pvPortMalloc             0x800'290d   0xf6  Code  Gb  heap_4.o [7]
pxCurrentTCB            0x2000'1650    0x4  Data  Gb  tasks.o [7]
pxCurrentTimerList      0x2000'1500    0x4  Data  Lc  timers.o [7]
pxDelayedTaskList       0x2000'1654    0x4  Data  Lc  tasks.o [7]
pxEnd                   0x2000'001c    0x4  Data  Lc  heap_4.o [7]
pxOverflowDelayedTaskList
                        0x2000'1658    0x4  Data  Lc  tasks.o [7]
pxOverflowTimerList     0x2000'1504    0x4  Data  Lc  timers.o [7]
pxPortInitialiseStack    0x800'2b25   0x1a  Code  Gb  port.o [7]
pxReadyTasksLists       0x2000'07ac  0x460  Data  Lc  tasks.o [7]
registry_function::call(const std::string&, std::vector<unsigned char, std::allocator<unsigned char>> const &, std::vector<unsigned char, std::allocator<unsigned char>> &) const
                         0x800'39ed   0x68  Code  Gb  registry.o [4]
registry_function::has(const std::string&) const
                         0x800'39bb   0x32  Code  Gb  registry.o [4]
registry_function::register_func(const std::string&, std::function<std::vector<unsigned char, std::allocator<unsigned char>> (std::vector<unsigned char, std::allocator<unsigned char>> const &)>)
                         0x800'3949   0x72  Code  Gb  registry.o [4]
registry_function::registry_function()
                         0x800'465d   0x20  Code  Wk  user_main.o [4]
registry_function::registry_function(const registry_function&)
                         0x800'3921   0x28  Code  Wk  server_rpc.o [4]
registry_function::~registry_function()
                         0x800'4751   0x18  Code  Wk  user_main.o [4]
rpc_link_task_handle    0x2000'17e4    0x4  Data  Lc  uart_rx.o [4]
rx_byte                 0x2000'17ec    0x1  Data  Lc  uart_rx.o [4]
rx_byte_queue           0x2000'17e0    0x4  Data  Lc  uart_rx.o [4]
send_packet(std::vector<unsigned char, std::allocator<unsigned char>> const &)
                         0x800'0bdb   0x58  Code  Gb  UART_TX.o [4]
std::_Compressed_pair<std::_Wrap_alloc<std::allocator<std::vector<unsigned char, std::allocator<unsigned char>>>>, std::_Vector_val<std::_Simple_types<std::vector<unsigned char, std::allocator<unsigned char>>>>, (bool)1>::_Compressed_pair<const std::allocator<std::vector<unsigned char, std::allocator<unsigned char>>>&>(std::_One_then_variadic_args_t, const std::allocator<std::vector<unsigned char, std::allocator<unsigned char>>>& &&,  &&...)
                         0x800'4a55    0xc  Code  Wk  user_main.o [4]
std::_Compressed_pair<std::_Wrap_alloc<std::allocator<unsigned char>>, std::_Vector_val<std::_Simple_types<unsigned char>>, (bool)1>::_Compressed_pair<const std::allocator<unsigned char>&>(std::_One_then_variadic_args_t, const std::allocator<unsigned char>& &&,  &&...)
                         0x800'3e29    0xc  Code  Wk  client_rpc.o [4]
std::_Func_class<std::vector<unsigned char, std::allocator<unsigned char>>, std::vector<unsigned char, std::allocator<unsigned char>> const &>::_Tidy()
                         0x800'4573   0x20  Code  Wk  registry.o [4]
std::_Func_impl<std::vector<unsigned char, std::allocator<unsigned char>> (*)(std::vector<unsigned char, std::allocator<unsigned char>> const &), std::allocator<int>, std::vector<unsigned char, std::allocator<unsigned char>>, std::vector<unsigned char, std::allocator<unsigned char>> const &>::_Copy(void *) const
                         0x800'4931   0x22  Code  Wk  user_main.o [4]
std::_Func_impl<std::vector<unsigned char, std::allocator<unsigned char>> (*)(std::vector<unsigned char, std::allocator<unsigned char>> const &), std::allocator<int>, std::vector<unsigned char, std::allocator<unsigned char>>, std::vector<unsigned char, std::allocator<unsigned char>> const &>::_Delete_this(bool)
                         0x800'4a25   0x18  Code  Wk  user_main.o [4]
std::_Func_impl<std::vector<unsigned char, std::allocator<unsigned char>> (*)(std::vector<unsigned char, std::allocator<unsigned char>> const &), std::allocator<int>, std::vector<unsigned char, std::allocator<unsigned char>>, std::vector<unsigned char, std::allocator<unsigned char>> const &>::_Do_call(std::vector<unsigned char, std::allocator<unsigned char>> const &)
                         0x800'4b61    0xc  Code  Wk  user_main.o [4]
std::_Func_impl<std::vector<unsigned char, std::allocator<unsigned char>> (*)(std::vector<unsigned char, std::allocator<unsigned char>> const &), std::allocator<int>, std::vector<unsigned char, std::allocator<unsigned char>>, std::vector<unsigned char, std::allocator<unsigned char>> const &>::_Func_impl<std::vector<unsigned char, std::allocator<unsigned char>> (*)(std::vector<unsigned char, std::allocator<unsigned char>> const &), const std::allocator<int>&>(std::vector<unsigned char, std::allocator<unsigned char>> (*)(std::vector<unsigned char, std::allocator<unsigned char>> const &) &&, const std::allocator<int>& &&)
                         0x800'4789   0x10  Code  Wk  user_main.o [4]
std::_Func_impl<std::vector<unsigned char, std::allocator<unsigned char>> (*)(std::vector<unsigned char, std::allocator<unsigned char>> const &), std::allocator<int>, std::vector<unsigned char, std::allocator<unsigned char>>, std::vector<unsigned char, std::allocator<unsigned char>> const &>::_Func_impl<std::vector<unsigned char, std::allocator<unsigned char>> (*)(std::vector<unsigned char, std::allocator<unsigned char>> const &), std::allocator<int>>(std::vector<unsigned char, std::allocator<unsigned char>> (*)(std::vector<unsigned char, std::allocator<unsigned char>> const &) &&, std::allocator<int> &&)
                         0x800'4ac5   0x10  Code  Wk  user_main.o [4]
std::_Func_impl<std::vector<unsigned char, std::allocator<unsigned char>> (*)(std::vector<unsigned char, std::allocator<unsigned char>> const &), std::allocator<int>, std::vector<unsigned char, std::allocator<unsigned char>>, std::vector<unsigned char, std::allocator<unsigned char>> const &>::_Func_impl<std::vector<unsigned char, std::allocator<unsigned char>> (*const &)(std::vector<unsigned char, std::allocator<unsigned char>> const &), const std::allocator<int>&>(std::vector<unsigned char, std::allocator<unsigned char>> (*const &)(std::vector<unsigned char, std::allocator<unsigned char>> const &) &&, const std::allocator<int>& &&)
                         0x800'4955   0x10  Code  Wk  user_main.o [4]
std::_Func_impl<std::vector<unsigned char, std::allocator<unsigned char>> (*)(std::vector<unsigned char, std::allocator<unsigned char>> const &), std::allocator<int>, std::vector<unsigned char, std::allocator<unsigned char>>, std::vector<unsigned char, std::allocator<unsigned char>> const &>::_Move(void *)
                         0x800'4ab1   0x14  Code  Wk  user_main.o [4]
std::_Func_impl<std::vector<unsigned char, std::allocator<unsigned char>> (*)(std::vector<unsigned char, std::allocator<unsigned char>> const &), std::allocator<int>, std::vector<unsigned char, std::allocator<unsigned char>>, std::vector<unsigned char, std::allocator<unsigned char>> const &>::~_Func_impl()
                         0x800'4b9f    0x2  Code  Wk  user_main.o [4]
std::_NomemoryNothrow()
                         0x800'462d    0x8  Code  Gb  nomemory.o [9]
std::_String_alloc<std::_String_base_types<char, std::allocator<char>>>::_Myptr()
                         0x800'3c7f    0xa  Code  Wk  client_rpc.o [4]
std::_String_alloc<std::_String_base_types<char, std::allocator<char>>>::_Myptr() const
                         0x800'410d    0xa  Code  Wk  registry.o [4]
std::_String_alloc<std::_String_base_types<char, std::allocator<char>>>::_Myptr2()
                         0x800'3ca3    0xa  Code  Wk  transport.o [4]
std::_String_alloc<std::_String_base_types<char, std::allocator<char>>>::_Myptr2() const
                         0x800'3b31    0xa  Code  Wk  transport.o [4]
std::_String_alloc<std::_String_base_types<char, std::allocator<char>>>::_String_alloc(const std::allocator<char>&) [subobject]
                         0x800'4251    0xc  Code  Wk  client_rpc.o [4]
std::_String_val<std::_Simple_types<char>>::_String_val()
                         0x800'4593    0x8  Code  Wk  client_rpc.o [4]
std::_Vector_alloc<std::_Vec_base_types<unsigned char, std::allocator<unsigned char>>>::_Vector_alloc(const std::allocator<unsigned char>&) [subobject]
                         0x800'3279   0x18  Code  Wk  client_rpc.o [4]
std::_Vector_iterator<std::_Vector_val<std::_Simple_types<unsigned char>>>::operator +(int) const
                         0x800'37a7    0x6  Code  Wk  channel.o [4]
std::_Vector_val<std::_Simple_types<std::vector<unsigned char, std::allocator<unsigned char>>>>::_Vector_val()
                         0x800'4a61    0xa  Code  Wk  user_main.o [4]
std::_Vector_val<std::_Simple_types<unsigned char>>::_Vector_val()
                         0x800'3915    0xa  Code  Wk  channel.o [4]
std::_Wrap_alloc<std::allocator<unsigned char>>::allocate(unsigned int)
                         0x800'3e35   0x12  Code  Wk  channel.o [4]
std::_Wrap_alloc<std::allocator<unsigned char>>::deallocate(unsigned char *, unsigned int)
                         0x800'3e47    0xa  Code  Wk  channel.o [4]
std::__iar_New_hand     0x2000'1828    0x4  Data  Gb  new.o [9]
std::char_traits<char>::copy(char *, char const *, unsigned int)
                         0x800'425d    0xc  Code  Wk  client_rpc.o [4]
std::enable_if<std::_Is_iterator<std::_Vector_const_iterator<std::_Vector_val<std::_Simple_types<unsigned char>>>, void>::value, std::_Vector_iterator<std::_Vector_val<std::_Simple_types<unsigned char>>>>::type std::vector<unsigned char, std::allocator<unsigned char>>::insert<std::_Vector_const_iterator<std::_Vector_val<std::_Simple_types<unsigned char>>>>(std::_Vector_const_iterator<std::_Vector_val<std::_Simple_types<unsigned char>>>, std::_Vector_const_iterator<std::_Vector_val<std::_Simple_types<unsigned char>>>, std::_Vector_const_iterator<std::_Vector_val<std::_Simple_types<unsigned char>>>)
                         0x800'3be3   0x28  Code  Wk  transport.o [4]
std::function<std::vector<unsigned char, std::allocator<unsigned char>> (std::vector<unsigned char, std::allocator<unsigned char>> const &)>::function(const std::function<std::vector<unsigned char, std::allocator<unsigned char>> (std::vector<unsigned char, std::allocator<unsigned char>> const &)>&)
                         0x800'490d   0x24  Code  Wk  server_rpc.o [4]
std::function<std::vector<unsigned char, std::allocator<unsigned char>> (std::vector<unsigned char, std::allocator<unsigned char>> const &)>::function<std::vector<unsigned char, std::allocator<unsigned char>> (*)(std::vector<unsigned char, std::allocator<unsigned char>> const &), void>(std::vector<unsigned char, std::allocator<unsigned char>> (*)(std::vector<unsigned char, std::allocator<unsigned char>> const &))
                         0x800'46f1   0x22  Code  Wk  user_main.o [4]
std::function<std::vector<unsigned char, std::allocator<unsigned char>> (std::vector<unsigned char, std::allocator<unsigned char>> const &)>::operator =(std::function<std::vector<unsigned char, std::allocator<unsigned char>> (std::vector<unsigned char, std::allocator<unsigned char>> const &)>&&)
                         0x800'40d9   0x34  Code  Wk  registry.o [4]
std::function<std::vector<unsigned char, std::allocator<unsigned char>> (std::vector<unsigned char, std::allocator<unsigned char>> const &)>::~function()
                         0x800'4713   0x22  Code  Wk  user_main.o [4]
std::initializer_list<unsigned char>::initializer_list(unsigned char const *, unsigned int)
                         0x800'3c27    0x8  Code  Wk  registry.o [4]
std::nothrow             0x800'4ba0    0x1  Data  Gb  nothrow.o [9]
std::string::_Copy(unsigned int, unsigned int)
                         0x800'4145   0x78  Code  Wk  client_rpc.o [4]
std::string::_Eos(unsigned int)
                         0x800'3c89   0x12  Code  Wk  client_rpc.o [4]
std::string::_Grow(unsigned int, bool)
                         0x800'3c2f   0x50  Code  Wk  client_rpc.o [4]
std::string::_Tidy(bool, unsigned int)
                         0x800'41bd   0x32  Code  Wk  client_rpc.o [4]
std::string::assign(const std::string&, unsigned int, unsigned int)
                         0x800'3d09   0x82  Code  Wk  client_rpc.o [4]
std::string::basic_string()
                         0x800'412d   0x18  Code  Wk  client_rpc.o [4]
std::string::basic_string(char const *)
                         0x800'467d   0x74  Code  Wk  user_main.o [4]
std::string::basic_string(const std::string&)
                         0x800'3ce1   0x28  Code  Wk  client_rpc.o [4]
std::string::begin()     0x800'3c9b    0x8  Code  Wk  transport.o [4]
std::string::~basic_string()
                         0x800'3cd1   0x10  Code  Wk  client_rpc.o [4]
std::vector<std::vector<unsigned char, std::allocator<unsigned char>>, std::allocator<std::vector<unsigned char, std::allocator<unsigned char>>>>::_Destroy(std::vector<unsigned char, std::allocator<unsigned char>>*, std::vector<unsigned char, std::allocator<unsigned char>>*)
                         0x800'3de7   0x16  Code  Wk  client_rpc.o [4]
std::vector<std::vector<unsigned char, std::allocator<unsigned char>>, std::allocator<std::vector<unsigned char, std::allocator<unsigned char>>>>::_Reallocate(unsigned int)
                         0x800'45ad   0x80  Code  Wk  client_rpc.o [4]
std::vector<std::vector<unsigned char, std::allocator<unsigned char>>, std::allocator<std::vector<unsigned char, std::allocator<unsigned char>>>>::_Reserve(unsigned int)
                         0x800'4269   0x60  Code  Wk  client_rpc.o [4]
std::vector<std::vector<unsigned char, std::allocator<unsigned char>>, std::allocator<std::vector<unsigned char, std::allocator<unsigned char>>>>::_Tidy()
                         0x800'4895   0x2a  Code  Wk  user_main.o [4]
std::vector<std::vector<unsigned char, std::allocator<unsigned char>>, std::allocator<std::vector<unsigned char, std::allocator<unsigned char>>>>::push_back(const std::vector<unsigned char, std::allocator<unsigned char>>&)
                         0x800'3d8b   0x5c  Code  Wk  client_rpc.o [4]
std::vector<std::vector<unsigned char, std::allocator<unsigned char>>, std::allocator<std::vector<unsigned char, std::allocator<unsigned char>>>>::size() const
                         0x800'459b   0x10  Code  Wk  client_rpc.o [4]
std::vector<std::vector<unsigned char, std::allocator<unsigned char>>, std::allocator<std::vector<unsigned char, std::allocator<unsigned char>>>>::vector()
                         0x800'4a3d   0x18  Code  Wk  user_main.o [4]
std::vector<std::vector<unsigned char, std::allocator<unsigned char>>, std::allocator<std::vector<unsigned char, std::allocator<unsigned char>>>>::~vector()
                         0x800'4b23    0xc  Code  Wk  user_main.o [4]
std::vector<unsigned char, std::allocator<unsigned char>>::_Assign_rv(std::vector<unsigned char, std::allocator<unsigned char>>&&, std::integral_constant<bool, (bool)1>)
                         0x800'408d   0x16  Code  Wk  channel.o [4]
std::vector<unsigned char, std::allocator<unsigned char>>::_Buy(unsigned int)
                         0x800'3291   0x24  Code  Wk  client_rpc.o [4]
std::vector<unsigned char, std::allocator<unsigned char>>::_Grow_to(unsigned int) const
                         0x800'4019   0x22  Code  Wk  channel.o [4]
std::vector<unsigned char, std::allocator<unsigned char>>::_Inside(unsigned char const *) const
                         0x800'3fc5   0x16  Code  Wk  channel.o [4]
std::vector<unsigned char, std::allocator<unsigned char>>::_Reallocate(unsigned int)
                         0x800'35f5   0x38  Code  Wk  channel.o [4]
std::vector<unsigned char, std::allocator<unsigned char>>::_Reserve(unsigned int)
                         0x800'3fdb   0x36  Code  Wk  channel.o [4]
std::vector<unsigned char, std::allocator<unsigned char>>::_Tidy()
                         0x800'3323   0x1e  Code  Wk  channel.o [4]
std::vector<unsigned char, std::allocator<unsigned char>>::_Unused_capacity() const
                         0x800'4011    0x8  Code  Wk  channel.o [4]
std::vector<unsigned char, std::allocator<unsigned char>>::end()
                         0x800'36ff    0x4  Code  Wk  channel.o [4]
std::vector<unsigned char, std::allocator<unsigned char>>::end() const
                         0x800'3bdf    0x4  Code  Wk  transport.o [4]
std::vector<unsigned char, std::allocator<unsigned char>>::operator =(std::initializer_list<unsigned char>)
                         0x800'3cb7   0x1a  Code  Wk  registry.o [4]
std::vector<unsigned char, std::allocator<unsigned char>>::operator =(std::vector<unsigned char, std::allocator<unsigned char>>&&)
                         0x800'3851   0x1c  Code  Wk  channel.o [4]
std::vector<unsigned char, std::allocator<unsigned char>>::push_back(unsigned char &&)
                         0x800'367d   0x50  Code  Wk  channel.o [4]
std::vector<unsigned char, std::allocator<unsigned char>>::push_back(unsigned char const &)
                         0x800'362d   0x50  Code  Wk  channel.o [4]
std::vector<unsigned char, std::allocator<unsigned char>>::vector()
                         0x800'25d5    0xc  Code  Wk  channel.o [4]
std::vector<unsigned char, std::allocator<unsigned char>>::vector(const std::vector<unsigned char, std::allocator<unsigned char>>&)
                         0x800'1d2d   0x34  Code  Wk  client_rpc.o [4]
std::vector<unsigned char, std::allocator<unsigned char>>::vector(std::initializer_list<unsigned char>, const std::allocator<unsigned char>&)
                         0x800'4635   0x28  Code  Wk  user_main.o [4]
std::vector<unsigned char, std::allocator<unsigned char>>::vector(std::vector<unsigned char, std::allocator<unsigned char>>&&)
                         0x800'4769   0x18  Code  Wk  client_rpc.o [4]
std::vector<unsigned char, std::allocator<unsigned char>>::~vector()
                         0x800'22b9    0xc  Code  Wk  channel.o [4]
strlen                   0x800'4545         Code  Gb  strlen.o [10]
transport_decode(std::vector<unsigned char, std::allocator<unsigned char>> const &)
                         0x800'26a9  0x12a  Code  Gb  transport.o [4]
transport_encode(transport_message const &)
                         0x800'2605   0xa4  Code  Gb  transport.o [4]
transport_message::transport_message()
                         0x800'3c0b   0x1c  Code  Wk  client_rpc.o [4]
transport_message::~transport_message()
                         0x800'27dd   0x14  Code  Wk  client_rpc.o [4]
tx_queue                0x2000'1800    0x4  Data  Lc  UART_TX.o [4]
tx_task_handle          0x2000'1804    0x4  Data  Lc  UART_TX.o [4]
tx_task_handle_for_isr_notify
                        0x2000'1808    0x4  Data  Lc  UART_TX.o [4]
uart_rx_init             0x800'132d   0x52  Code  Gb  uart_rx.o [4]
ucHeap                  0x2000'002c  0x780  Data  Lc  heap_4.o [7]
ulSetInterruptMaskFromISR
                         0x800'3125         Code  Gb  portasm.o [7]
unsigned char * std::rotate<unsigned char *>(unsigned char *, unsigned char *, unsigned char *)
                         0x800'404d   0x2e  Code  Wk  channel.o [4]
unsigned char * std::vector<unsigned char, std::allocator<unsigned char>>::_Ucopy<std::_String_const_iterator<std::_String_val<std::_Simple_types<char>>>>(std::_String_const_iterator<std::_String_val<std::_Simple_types<char>>>, std::_String_const_iterator<std::_String_val<std::_Simple_types<char>>>, unsigned char *)
                         0x800'4117   0x16  Code  Wk  transport.o [4]
unsigned char * std::vector<unsigned char, std::allocator<unsigned char>>::_Ucopy<std::_Vector_const_iterator<std::_Vector_val<std::_Simple_types<unsigned char>>>>(std::_Vector_const_iterator<std::_Vector_val<std::_Simple_types<unsigned char>>>, std::_Vector_const_iterator<std::_Vector_val<std::_Simple_types<unsigned char>>>, unsigned char *)
                         0x800'403b   0x12  Code  Wk  channel.o [4]
unsigned char * std::vector<unsigned char, std::allocator<unsigned char>>::_Ucopy<std::_Vector_iterator<std::_Vector_val<std::_Simple_types<unsigned char>>>>(std::_Vector_iterator<std::_Vector_val<std::_Simple_types<unsigned char>>>, std::_Vector_iterator<std::_Vector_val<std::_Simple_types<unsigned char>>>, unsigned char *)
                         0x800'407b   0x12  Code  Wk  channel.o [4]
unsigned char * std::vector<unsigned char, std::allocator<unsigned char>>::_Umove<unsigned char *>(unsigned char *, unsigned char *, unsigned char *)
                         0x800'3fb3   0x12  Code  Wk  channel.o [4]
user_main_function       0x800'435b   0x9a  Code  Gb  user_main.o [4]
user_main_function::client
                        0x2000'12cc   0xa4  Data  Lc  user_main.o [4]
user_main_function::server
                        0x2000'1370  0x190  Data  Lc  user_main.o [4]
user_main_function::static guard for client
                        0x2000'12c9    0x1  Data  Lc  user_main.o [4]
user_main_function::static guard for server
                        0x2000'12c8    0x1  Data  Lc  user_main.o [4]
uwTick                  0x2000'0008    0x4  Data  Gb  stm32f0xx_hal.o [6]
uwTickFreq              0x2000'0004    0x1  Data  Gb  stm32f0xx_hal.o [6]
uwTickPrio              0x2000'000c    0x4  Data  Gb  stm32f0xx_hal.o [6]
uxCriticalNesting       0x2000'0000    0x4  Data  Lc  port.o [7]
uxCurrentNumberOfTasks  0x2000'1674    0x4  Data  Lc  tasks.o [7]
uxDeletedTasksWaitingCleanUp
                        0x2000'165c    0x4  Data  Lc  tasks.o [7]
uxListRemove             0x800'2afd   0x26  Code  Gb  list.o [7]
uxPendedTicks           0x2000'1684    0x4  Data  Lc  tasks.o [7]
uxSchedulerSuspended    0x2000'1698    0x4  Data  Lc  tasks.o [7]
uxTaskNumber            0x2000'1690    0x4  Data  Lc  tasks.o [7]
uxTopReadyPriority      0x2000'167c    0x4  Data  Lc  tasks.o [7]
vApplicationGetIdleTaskMemory
                         0x800'2d61   0x10  Code  Gb  cmsis_os2.o [7]
vApplicationGetTimerTaskMemory
                         0x800'2d71   0x12  Code  Gb  cmsis_os2.o [7]
vClearInterruptMaskFromISR
                         0x800'312d         Code  Gb  portasm.o [7]
vListInitialise          0x800'2a8d   0x1e  Code  Gb  list.o [7]
vListInitialiseItem      0x800'2aab    0x6  Code  Gb  list.o [7]
vListInsert              0x800'2ac9   0x34  Code  Gb  list.o [7]
vListInsertEnd           0x800'2ab1   0x18  Code  Gb  list.o [7]
vPortEnterCritical       0x800'2ba1    0xc  Code  Gb  port.o [7]
vPortExitCritical        0x800'2bb9   0x18  Code  Gb  port.o [7]
vPortFree                0x800'2a05   0x3c  Code  Gb  heap_4.o [7]
vPortStartFirstTask      0x800'3103         Code  Gb  portasm.o [7]
vPortYield               0x800'2b95    0xa  Code  Gb  port.o [7]
vQueueAddToRegistry      0x800'224f   0x1e  Code  Gb  queue.o [7]
vQueueWaitForMessageRestricted
                         0x800'2271   0x48  Code  Gb  queue.o [7]
vSetMSP                  0x800'30bd         Code  Gb  portasm.o [7]
vTaskDelay               0x800'17b1   0x2c  Code  Gb  tasks.o [7]
vTaskInternalSetTimeOutState
                         0x800'1aad    0xc  Code  Gb  tasks.o [7]
vTaskMissedYield         0x800'1b21    0x8  Code  Gb  tasks.o [7]
vTaskNotifyGiveFromISR   0x800'1c31   0x7e  Code  Gb  tasks.o [7]
vTaskPlaceOnEventList    0x800'1a01   0x18  Code  Gb  tasks.o [7]
vTaskPlaceOnEventListRestricted
                         0x800'1a29   0x2a  Code  Gb  tasks.o [7]
vTaskStartScheduler      0x800'17e5   0x58  Code  Gb  tasks.o [7]
vTaskSuspendAll          0x800'1845    0xa  Code  Gb  tasks.o [7]
vTaskSwitchContext       0x800'19b5   0x4a  Code  Gb  tasks.o [7]
void std::reverse<unsigned char *>(unsigned char *, unsigned char *)
                         0x800'452d   0x18  Code  Wk  channel.o [4]
void std::vector<unsigned char, std::allocator<unsigned char>>::_Assign<unsigned char const *>(unsigned char const *, unsigned char const *, std::forward_iterator_tag)
                         0x800'4205   0x4c  Code  Wk  registry.o [4]
void std::vector<unsigned char, std::allocator<unsigned char>>::_Construct<unsigned char const *>(unsigned char const *, unsigned char const *)
                         0x800'4781    0x8  Code  Wk  user_main.o [4]
void std::vector<unsigned char, std::allocator<unsigned char>>::_Construct<unsigned char const *>(unsigned char const *, unsigned char const *, std::forward_iterator_tag)
                         0x800'4799   0x24  Code  Wk  user_main.o [4]
void std::vector<unsigned char, std::allocator<unsigned char>>::_Insert<std::_String_const_iterator<std::_String_val<std::_Simple_types<char>>>>(std::_Vector_const_iterator<std::_Vector_val<std::_Simple_types<unsigned char>>>, std::_String_const_iterator<std::_String_val<std::_Simple_types<char>>>, std::_String_const_iterator<std::_String_val<std::_Simple_types<char>>>, std::forward_iterator_tag)
                         0x800'3b3b   0xa4  Code  Wk  transport.o [4]
void std::vector<unsigned char, std::allocator<unsigned char>>::_Insert<std::_Vector_const_iterator<std::_Vector_val<std::_Simple_types<unsigned char>>>>(std::_Vector_const_iterator<std::_Vector_val<std::_Simple_types<unsigned char>>>, std::_Vector_const_iterator<std::_Vector_val<std::_Simple_types<unsigned char>>>, std::_Vector_const_iterator<std::_Vector_val<std::_Simple_types<unsigned char>>>, std::forward_iterator_tag)
                         0x800'3703   0xa4  Code  Wk  channel.o [4]
void std::vector<unsigned char, std::allocator<unsigned char>>::_Insert<std::_Vector_iterator<std::_Vector_val<std::_Simple_types<unsigned char>>>>(std::_Vector_const_iterator<std::_Vector_val<std::_Simple_types<unsigned char>>>, std::_Vector_iterator<std::_Vector_val<std::_Simple_types<unsigned char>>>, std::_Vector_iterator<std::_Vector_val<std::_Simple_types<unsigned char>>>, std::forward_iterator_tag)
                         0x800'37ad   0xa4  Code  Wk  channel.o [4]
xActiveTimerList1       0x2000'1510   0x14  Data  Lc  timers.o [7]
xActiveTimerList2       0x2000'1524   0x14  Data  Lc  timers.o [7]
xBlockAllocatedBit      0x2000'0028    0x4  Data  Lc  heap_4.o [7]
xDelayedTaskList1       0x2000'169c   0x14  Data  Lc  tasks.o [7]
xDelayedTaskList2       0x2000'16b0   0x14  Data  Lc  tasks.o [7]
xFreeBytesRemaining     0x2000'0020    0x4  Data  Lc  heap_4.o [7]
xMinimumEverFreeBytesRemaining
                        0x2000'0024    0x4  Data  Lc  heap_4.o [7]
xNextTaskUnblockTime    0x2000'1694    0x4  Data  Lc  tasks.o [7]
xNumOfOverflows         0x2000'168c    0x4  Data  Lc  tasks.o [7]
xPendingReadyList       0x2000'1628   0x14  Data  Lc  tasks.o [7]
xPortStartScheduler      0x800'2b55   0x40  Code  Gb  port.o [7]
xQueueGenericCreate      0x800'1e21   0x3c  Code  Gb  queue.o [7]
xQueueGenericCreateStatic
                         0x800'1dd5   0x4c  Code  Gb  queue.o [7]
xQueueGenericReset       0x800'1d61   0x74  Code  Gb  queue.o [7]
xQueueGenericSend        0x800'1e81  0x126  Code  Gb  queue.o [7]
xQueueGenericSendFromISR
                         0x800'1fa9   0x80  Code  Gb  queue.o [7]
xQueueReceive            0x800'2031  0x104  Code  Gb  queue.o [7]
xQueueRegistry          0x2000'17a0   0x40  Data  Gb  queue.o [7]
xSchedulerRunning       0x2000'1680    0x4  Data  Lc  tasks.o [7]
xStart                  0x2000'0014    0x8  Data  Lc  heap_4.o [7]
xSuspendedTaskList      0x2000'1660   0x14  Data  Lc  tasks.o [7]
xTaskCheckForTimeOut     0x800'1ab9   0x68  Code  Gb  tasks.o [7]
xTaskCreate              0x800'1615   0x60  Code  Gb  tasks.o [7]
xTaskCreateStatic        0x800'15c9   0x4c  Code  Gb  tasks.o [7]
xTaskGetSchedulerState   0x800'1bb3   0x1a  Code  Gb  tasks.o [7]
xTaskGetTickCount        0x800'18ed    0x6  Code  Gb  tasks.o [7]
xTaskIncrementTick       0x800'1901   0xb2  Code  Gb  tasks.o [7]
xTaskPriorityDisinherit
                         0x800'1bcd   0x5c  Code  Gb  tasks.o [7]
xTaskRemoveFromEventList
                         0x800'1a55   0x58  Code  Gb  tasks.o [7]
xTaskResumeAll           0x800'1851   0x9c  Code  Gb  tasks.o [7]
xTasksWaitingTermination
                        0x2000'163c   0x14  Data  Lc  tasks.o [7]
xTickCount              0x2000'1678    0x4  Data  Lc  tasks.o [7]
xTimerCreateTimerTask    0x800'2d8d   0x4a  Code  Gb  timers.o [7]
xTimerGenericCommand     0x800'2de1   0x4c  Code  Gb  timers.o [7]
xTimerQueue             0x2000'1508    0x4  Data  Lc  timers.o [7]
xTimerTaskHandle        0x2000'150c    0x4  Data  Lc  timers.o [7]
xYieldPending           0x2000'1688    0x4  Data  Lc  tasks.o [7]


[1] = D:\Coff3e\Work\mini_rpc\mini_rpc_EWARM\mini_rpc\EWARM\mini_rpc\Obj\Application\EWARM
[2] = D:\Coff3e\Work\mini_rpc\mini_rpc_EWARM\mini_rpc\EWARM\mini_rpc\Obj\Application\User\Core
[3] = D:\Coff3e\Work\mini_rpc\mini_rpc_EWARM\mini_rpc\EWARM\mini_rpc\Obj\Application\User\Core\hardware\Src
[4] = D:\Coff3e\Work\mini_rpc\mini_rpc_EWARM\mini_rpc\EWARM\mini_rpc\Obj\Application\User\logic\Src
[5] = D:\Coff3e\Work\mini_rpc\mini_rpc_EWARM\mini_rpc\EWARM\mini_rpc\Obj\Drivers\CMSIS
[6] = D:\Coff3e\Work\mini_rpc\mini_rpc_EWARM\mini_rpc\EWARM\mini_rpc\Obj\Drivers\STM32F0xx_HAL_Driver
[7] = D:\Coff3e\Work\mini_rpc\mini_rpc_EWARM\mini_rpc\EWARM\mini_rpc\Obj\Middlewares\FreeRTOS
[8] = dl6M_tlf.a
[9] = dlpprt6M_tl_fc.a
[10] = rt6M_tl.a
[11] = shb_l.a

  19'107 bytes of readonly  code memory
     255 bytes of readonly  data memory
   8'150 bytes of readwrite data memory

Errors: none
Warnings: none
